---
source: src/ui/mod.rs
expression: "snapshot(80, 24)"
---
╔═══════Library════════╗┌─────────Now Playing──────────┐┌────────Queue─────────┐
║Placeholder           ║│Placeholder                   ││Placeholder           │
║                      ║│                              ││                      │
║                      ║│                              ││                      │
║                      ║└──────────────────────────────┘│                      │
║                      ║┌─────────────Art──────────────┐│                      │
║                      ║│Placeholder                   ││                      │
║                      ║│                              ││                      │
║                      ║│                              ││                      │
║                      ║│                              ││                      │
║                      ║│                              ││                      │
║                      ║│                              ││                      │
║                      ║│                              ││                      │
║                      ║│                              ││                      │
║                      ║│                              ││                      │
║                      ║│                              ││                      │
║                      ║│                              ││                      │
║                      ║│                              ││                      │
║                      ║│                              ││                      │
║                      ║│                              ││                      │
║                      ║│                              ││                      │
║                      ║│                              ││                      │
╚══════════════════════╝└──────────────────────────────┘└──────────────────────┘
 q quit  Tab/Shift+Tab focus  Space action  Ready  images: fallback
