---
source: src/ui/mascot.rs
expression: sheet
---
RESTING
       ╲       ╱
        ╲ ▄▄▄ ╱
        ▐▀• •▀▌
      ▄▄█  ▴  █▄▄
     ╱  ▐█▄▄▄█▌  ╲──╮
        ▐█ █ █▌     │
       ▄▀  █  ▀▄   ▟█▙
      ▀   ▀ ▀   ▀   ▀

DANCE LEFT
     ╲           ╱
      ╲   ▄▄▄   ╱
       ╲ ▐▀^ ^▀▌
    ╲   ▄█  ▴  █▄
     ╲▄▀▐█▄▄▄█▌ ▀──╮
        ▐█ █ █▌    │
      ▄▀  █  █ ▀▄ ▟█▙
     ▀   ▀    ▀    ▀

DANCE UP
        ╲   ╱
     ╲   ╲▄╱   ╱
      ╲ ▐▀^ ^▀▌ ╱
       ╲█  ▴  █╱
        ▐█▄▄▄█▌───╮
       ▄▀█ █ █▀▄  │
     ▄▀  ▀   ▀  ▀▄▟█▙
    *             * ▀

DANCE RIGHT
       ╲           ╱
        ╲   ▄▄▄   ╱
         ▐▀^ ^▀▌ ╱
         ▄█  ▴  █▄   ╱
     ╭──▀ ▐█▄▄▄█▌▀▄╱
     │    ▐█ █ █▌
    ▟█▙ ▄▀ █  █  ▀▄
     ▀     ▀    ▀   ▀

DANCE DOWN
        ╲       ╱
         ╲ ▄▄▄ ╱
         ▐▀• •▀▌
     ▄▄▄▄█  ▿  █▄▄▄▄──╮
    ╱    ▐█▄▄▄█▌      │
         ▐█ █ █▌     ▟█▙
      ▄▄▀  █ █  ▀▄▄   ▀
     ▀    ▀   ▀    ▀
