---
source: src/ui/mod.rs
expression: "snapshot(120, 32)"
---
╔══════════Library═══════════╗┌──────────────────────────Player──────────────────────────┐┌───────────Queue────────────┐
║Library/                    ║│                                                          ││Queue is empty              │
║Playlists/                  ║│                                                          ││                            │
║                            ║│                                                          ││                            │
║                            ║│                                                          ││                            │
║                            ║│                                                          ││                            │
║                            ║│                                                          ││                            │
║                            ║│                      Nothing playing                     ││                            │
║                            ║│                                                          ││                            │
║                            ║│                            ╲       ╱                     ││                            │
║                            ║│                              ╲ ▄▄▄ ╱                     ││                            │
║                            ║│                              ▐▀• •▀▌                     ││                            │
║                            ║│                           ▄▄█  ▴  █▄▄                    ││                            │
║                            ║│                        ╱  ▐█▄▄▄█▌  ╲──╮                  ││                            │
║                            ║│                           ▐█ █ █▌     │                  ││                            │
║                            ║│                         ▄▀  █  ▀▄   ▟█▙                  ││                            │
║                            ║│                         ▀   ▀ ▀   ▀   ▀                  ││                            │
║                            ║│                                                          ││                            │
║                            ║│       [----------------------------]  0:00 / --:--       ││                            │
║                            ║│                                                          ││                            │
║                            ║│                      State: Stopped                      ││                            │
║                            ║│                        Volume 100%                       ││                            │
║                            ║│                  Shuffle off  Repeat off                 ││                            │
║                            ║│                                                          ││                            │
║                            ║│                                                          ││                            │
║                            ║│                                                          ││                            │
║                            ║│                                                          ││                            │
║                            ║│                                                          ││                            │
║                            ║│                                                          ││                            │
╚════════════════════════════╝└──────────────────────────────────────────────────────────┘└────────────────────────────┘
 q quit  Tab focus   / search  Up/Down move  Enter add/play  Ready: 0 tracks, 0 playlists
 Space play/pause  s stop  n next  p previous  x shuffle  r repeat
