---
source: src/ui/mod.rs
expression: "snapshot(80, 24)"
---
╔═════Library══════╗┌────────────────Player────────────────┐┌──────Queue───────┐
║Library is empty  ║│                                      ││Queue is empty    │
║Add audio below   ║│                                      ││Select a track and│
║audio/library/.   ║│            Nothing playing           ││press Enter.      │
║Press ? for help. ║│                                      ││                  │
║                  ║│                  ╲       ╱           ││                  │
║                  ║│                    ╲ ▄▄▄ ╱           ││                  │
║                  ║│                    ▐▀• •▀▌           ││                  │
║                  ║│                 ▄▄█  ▴  █▄▄          ││                  │
║                  ║│              ╱  ▐█▄▄▄█▌  ╲──╮        ││                  │
║                  ║│                 ▐█ █ █▌     │        ││                  │
║                  ║│               ▄▀  █  ▀▄   ▟█▙        ││                  │
║                  ║│               ▀   ▀ ▀   ▀   ▀        ││                  │
║                  ║│                                      ││                  │
║                  ║│[----------------------]  0:00 / --:--││                  │
║                  ║│                                      ││                  │
║                  ║│            State: Stopped            ││                  │
║                  ║│              Volume 100%             ││                  │
║                  ║│        Shuffle off  Repeat off       ││                  │
║                  ║│                                      ││                  │
║                  ║│                                      ││                  │
╚══════════════════╝└──────────────────────────────────────┘└──────────────────┘
 Tab focus / search Up or Down move Enter add/play  Ready: 0 tracks, 0 playlists
 q quit ? help Space play or pause s stop n next p previous x shuffle r repeat
