---
source: src/ui/mod.rs
expression: "snapshot(80, 24)"
---
╔═════Library══════╗┌────────────────Player────────────────┐┌──────Queue───────┐
║Library/          ║│            Nothing playing           ││Queue is empty    │
║Playlists/        ║│                                      ││                  │
║                  ║│            State: Stopped            ││                  │
║                  ║│                                      ││                  │
║                  ║│                                      ││                  │
║                  ║│                                      ││                  │
║                  ║│                                      ││                  │
║                  ║│                                      ││                  │
║                  ║│                                      ││                  │
║                  ║│                                      ││                  │
║                  ║│                                      ││                  │
║                  ║│                                      ││                  │
║                  ║│                                      ││                  │
║                  ║│                                      ││                  │
║                  ║│                                      ││                  │
║                  ║│                                      ││                  │
║                  ║│                                      ││                  │
║                  ║│                                      ││                  │
║                  ║│                                      ││                  │
║                  ║│                                      ││                  │
║                  ║│                                      ││                  │
╚══════════════════╝└──────────────────────────────────────┘└──────────────────┘
 q quit  Tab focus   / search  Up/Down move  Enter add  Ready: 0 tracks, 0 playl
