---
source: src/ui/mod.rs
expression: "snapshot(120, 32)"
---
╔═════════════Library══════════════╗┌────────────────────Player────────────────────┐┌──────────────Queue───────────────┐
║Placeholder                       ║│Placeholder                                   ││Placeholder                       │
║                                  ║│                                              ││                                  │
║                                  ║│                                              ││                                  │
║                                  ║│                                              ││                                  │
║                                  ║│                                              ││                                  │
║                                  ║│                                              ││                                  │
║                                  ║│                                              ││                                  │
║                                  ║│                                              ││                                  │
║                                  ║│                                              ││                                  │
║                                  ║│                                              ││                                  │
║                                  ║│                                              ││                                  │
║                                  ║│                                              ││                                  │
║                                  ║│                                              ││                                  │
║                                  ║│                                              ││                                  │
║                                  ║│                                              ││                                  │
║                                  ║│                                              ││                                  │
║                                  ║│                                              ││                                  │
║                                  ║│                                              ││                                  │
║                                  ║│                                              ││                                  │
║                                  ║│                                              ││                                  │
║                                  ║│                                              ││                                  │
║                                  ║│                                              ││                                  │
║                                  ║│                                              ││                                  │
║                                  ║│                                              ││                                  │
║                                  ║│                                              ││                                  │
║                                  ║│                                              ││                                  │
║                                  ║│                                              ││                                  │
║                                  ║│                                              ││                                  │
║                                  ║│                                              ││                                  │
╚══════════════════════════════════╝└──────────────────────────────────────────────┘└──────────────────────────────────┘
 q quit  Tab/Shift+Tab focus  Space action  Ready
